.\venv\Scripts\python.e
xe : C:\Users\hithe\One
Drive\Desktop\project-l
st\logistics\backend\te
st_shipments.py:31: 
DeprecationWarning: 'as
yncio.WindowsSelectorEv
entLoopPolicy' is 
deprecated and slated 
for removal in Python 
3.16
At line:1 char:1
+ .\venv\Scripts\python
.exe test_shipments.py 
> test_output.txt 2>&1
+ ~~~~~~~~~~~~~~~~~~~~~
~~~~~~~~~~~~~~~~~~~~~~~
~~~~~~~~~~~~~~~~~~~~~~
    + CategoryInfo     
         : NotSpecifi  
  ed: (C:\Users\hith   
 e\... in Python 3.    
16:String) [], Rem    
oteException
    + FullyQualifiedEr 
   rorId : NativeComm  
  andError
 
  asyncio.set_event_loo
p_policy(asyncio.Window
sSelectorEventLoopPolic
y())
C:\Users\hithe\OneDrive
\Desktop\project-lst\lo
gistics\backend\test_sh
ipments.py:31: 
DeprecationWarning: 'as
yncio.set_event_loop_po
licy' is deprecated 
and slated for removal 
in Python 3.16
  asyncio.set_event_loo
p_policy(asyncio.Window
sSelectorEventLoopPolic
y())
Testing query...
2026-03-07 19:49:27,073 INFO sqlalchemy.engine.Engine BEGIN (implicit)
2026-03-07 19:49:27,077 INFO sqlalchemy.engine.Engine SELECT shipments.id, shipments.tracking_number, shipments.po_number, shipments.sender_id, shipments.pickup_address, shipments.pickup_lat, shipments.pickup_lng, shipments.pickup_contact, shipments.pickup_phone, shipments.drop_address, shipments.drop_lat, shipments.drop_lng, shipments.drop_contact, shipments.drop_phone, shipments.total_weight, shipments.total_volume, shipments.description, shipments.special_instructions, shipments.zone_id, shipments.assigned_vehicle_id, shipments.assigned_driver_id, shipments.status, shipments.created_at, shipments.assigned_at, shipments.picked_up_at, shipments.in_transit_at, shipments.delivered_at, shipments.confirmed_at, shipments.updated_at 
FROM shipments
2026-03-07 19:49:27,077 INFO sqlalchemy.engine.Engine [generated in 0.00020s] ()
2026-03-07 19:49:27,084 INFO sqlalchemy.engine.Engine SELECT users.id AS users_id, users.email AS users_email, users.name AS users_name, users.hashed_password AS users_hashed_password, users.role AS users_role, users.status AS users_status, users.is_active AS users_is_active, users.license_number AS users_license_number, users.rating AS users_rating, users.phone AS users_phone, users.company_id AS users_company_id, users.vendor_id AS users_vendor_id 
FROM users 
WHERE users.id IN (?)
2026-03-07 19:49:27,084 INFO sqlalchemy.engine.Engine [generated in 0.00047s] (3,)
2026-03-07 19:49:27,088 INFO sqlalchemy.engine.Engine SELECT shipment_items.shipment_id AS shipment_items_shipment_id, shipment_items.id AS shipment_items_id, shipment_items.name AS shipment_items_name, shipment_items.quantity AS shipment_items_quantity, shipment_items.weight AS shipment_items_weight, shipment_items.length AS shipment_items_length, shipment_items.width AS shipment_items_width, shipment_items.height AS shipment_items_height, shipment_items.description AS shipment_items_description 
FROM shipment_items 
WHERE shipment_items.shipment_id IN (?, ?, ?, ?)
2026-03-07 19:49:27,088 INFO sqlalchemy.engine.Engine [generated in 0.00040s] (1, 2, 3, 4)
2026-03-07 19:49:27,093 INFO sqlalchemy.engine.Engine SELECT shipment_timeline.shipment_id AS shipment_timeline_shipment_id, shipment_timeline.id AS shipment_timeline_id, shipment_timeline.status AS shipment_timeline_status, shipment_timeline.notes AS shipment_timeline_notes, shipment_timeline.updated_by_id AS shipment_timeline_updated_by_id, shipment_timeline.timestamp AS shipment_timeline_timestamp, users_1.id AS users_1_id, users_1.email AS users_1_email, users_1.name AS users_1_name, users_1.hashed_password AS users_1_hashed_password, users_1.role AS users_1_role, users_1.status AS users_1_status, users_1.is_active AS users_1_is_active, users_1.license_number AS users_1_license_number, users_1.rating AS users_1_rating, users_1.phone AS users_1_phone, users_1.company_id AS users_1_company_id, users_1.vendor_id AS users_1_vendor_id 
FROM shipment_timeline LEFT OUTER JOIN users AS users_1 ON users_1.id = shipment_timeline.updated_by_id 
WHERE shipment_timeline.shipment_id IN (?, ?, ?, ?)
2026-03-07 19:49:27,093 INFO sqlalchemy.engine.Engine [generated in 0.00029s] (1, 2, 3, 4)
2026-03-07 19:49:27,097 INFO sqlalchemy.engine.Engine SELECT vehicles.id AS vehicles_id, vehicles.name AS vehicles_name, vehicles.plate_number AS vehicles_plate_number, vehicles.vehicle_type AS vehicles_vehicle_type, vehicles.weight_capacity AS vehicles_weight_capacity, vehicles.volume_capacity AS vehicles_volume_capacity, vehicles.current_weight_used AS vehicles_current_weight_used, vehicles.current_volume_used AS vehicles_current_volume_used, vehicles.status AS vehicles_status, vehicles.current_driver_id AS vehicles_current_driver_id, vehicles.zone_id AS vehicles_zone_id, vehicles.created_at AS vehicles_created_at, vehicles.company_id AS vehicles_company_id 
FROM vehicles 
WHERE vehicles.id IN (?)
2026-03-07 19:49:27,097 INFO sqlalchemy.engine.Engine [generated in 0.00024s] (1,)
Successfully loaded shipments: 4
2026-03-07 19:49:27,099 INFO sqlalchemy.engine.Engine ROLLBACK
